<testsuites id="" name="" tests="45" failures="25" skipped="0" errors="0" time="579.2307710000001">
<testsuite name="auth.spec.ts" timestamp="2025-11-10T15:06:18.569Z" hostname="chromium" tests="9" failures="5" skipped="0" time="255.966" errors="0">
<testcase name="Authentication › should render login page" classname="auth.spec.ts" time="29.391">
<failure message="auth.spec.ts:13:3 should render login page" type="FAILURE">
<![CDATA[  [chromium] › auth.spec.ts:13:3 › Authentication › should render login page ───────────────────────

    Error: expect(locator).toBeVisible() failed

    Locator: locator('input[type="email"]')
    Expected: visible
    Timeout: 5000ms
    Error: element(s) not found

    Call log:
      - Expect "toBeVisible" with timeout 5000ms
      - waiting for locator('input[type="email"]')


      15 |     
      16 |     // Check for login form elements
    > 17 |     await expect(page.locator('input[type="email"]')).toBeVisible();
         |                                                       ^
      18 |     await expect(page.locator('input[type="password"]')).toBeVisible();
      19 |     await expect(page.locator('button:has-text("Log In")')).toBeVisible();
      20 |   });
        at C:\Users\USER\Downloads\amerilend\tests\e2e\auth.spec.ts:17:55

    attachment #1: screenshot (image/png) ──────────────────────────────────────────────────────────
    ..\..\test-results\auth-Authentication-should-render-login-page-chromium\test-failed-1.png
    ────────────────────────────────────────────────────────────────────────────────────────────────

    attachment #2: video (video/webm) ──────────────────────────────────────────────────────────────
    ..\..\test-results\auth-Authentication-should-render-login-page-chromium\video.webm
    ────────────────────────────────────────────────────────────────────────────────────────────────

    Error Context: ..\..\test-results\auth-Authentication-should-render-login-page-chromium\error-context.md
]]>
</failure>
<system-out>
<![CDATA[
[[ATTACHMENT|auth-Authentication-should-render-login-page-chromium\test-failed-1.png]]

[[ATTACHMENT|auth-Authentication-should-render-login-page-chromium\video.webm]]

[[ATTACHMENT|auth-Authentication-should-render-login-page-chromium\error-context.md]]
]]>
</system-out>
</testcase>
<testcase name="Authentication › should display error on invalid credentials" classname="auth.spec.ts" time="31.746">
<failure message="auth.spec.ts:22:3 should display error on invalid credentials" type="FAILURE">
<![CDATA[  [chromium] › auth.spec.ts:22:3 › Authentication › should display error on invalid credentials ────

    Test timeout of 30000ms exceeded.

    Error: page.fill: Test timeout of 30000ms exceeded.
    Call log:
      - waiting for locator('input[type="email"]')


      23 |     await page.goto(`${BASE_URL}/login`);
      24 |     
    > 25 |     await page.fill('input[type="email"]', 'invalid@test.local');
         |                ^
      26 |     await page.fill('input[type="password"]', 'wrongpassword');
      27 |     await page.click('button:has-text("Log In")');
      28 |     
        at C:\Users\USER\Downloads\amerilend\tests\e2e\auth.spec.ts:25:16

    attachment #1: screenshot (image/png) ──────────────────────────────────────────────────────────
    ..\..\test-results\auth-Authentication-should-9d150-rror-on-invalid-credentials-chromium\test-failed-1.png
    ────────────────────────────────────────────────────────────────────────────────────────────────

    attachment #2: video (video/webm) ──────────────────────────────────────────────────────────────
    ..\..\test-results\auth-Authentication-should-9d150-rror-on-invalid-credentials-chromium\video.webm
    ────────────────────────────────────────────────────────────────────────────────────────────────

    Error Context: ..\..\test-results\auth-Authentication-should-9d150-rror-on-invalid-credentials-chromium\error-context.md
]]>
</failure>
<system-out>
<![CDATA[
[[ATTACHMENT|auth-Authentication-should-9d150-rror-on-invalid-credentials-chromium\test-failed-1.png]]

[[ATTACHMENT|auth-Authentication-should-9d150-rror-on-invalid-credentials-chromium\video.webm]]

[[ATTACHMENT|auth-Authentication-should-9d150-rror-on-invalid-credentials-chromium\error-context.md]]
]]>
</system-out>
</testcase>
<testcase name="Authentication › should successfully login with valid credentials" classname="auth.spec.ts" time="31.239">
<failure message="auth.spec.ts:33:3 should successfully login with valid credentials" type="FAILURE">
<![CDATA[  [chromium] › auth.spec.ts:33:3 › Authentication › should successfully login with valid credentials 

    Test timeout of 30000ms exceeded.

    Error: page.fill: Test timeout of 30000ms exceeded.
    Call log:
      - waiting for locator('input[type="email"]')


      37 |     await page.goto(`${BASE_URL}/login`);
      38 |     
    > 39 |     await page.fill('input[type="email"]', testEmail);
         |                ^
      40 |     await page.fill('input[type="password"]', testPassword);
      41 |     await page.click('button:has-text("Log In")');
      42 |     
        at C:\Users\USER\Downloads\amerilend\tests\e2e\auth.spec.ts:39:16

    attachment #1: screenshot (image/png) ──────────────────────────────────────────────────────────
    ..\..\test-results\auth-Authentication-should-24a66-ogin-with-valid-credentials-chromium\test-failed-1.png
    ────────────────────────────────────────────────────────────────────────────────────────────────

    attachment #2: video (video/webm) ──────────────────────────────────────────────────────────────
    ..\..\test-results\auth-Authentication-should-24a66-ogin-with-valid-credentials-chromium\video.webm
    ────────────────────────────────────────────────────────────────────────────────────────────────

    Error Context: ..\..\test-results\auth-Authentication-should-24a66-ogin-with-valid-credentials-chromium\error-context.md
]]>
</failure>
<system-out>
<![CDATA[
[[ATTACHMENT|auth-Authentication-should-24a66-ogin-with-valid-credentials-chromium\test-failed-1.png]]

[[ATTACHMENT|auth-Authentication-should-24a66-ogin-with-valid-credentials-chromium\video.webm]]

[[ATTACHMENT|auth-Authentication-should-24a66-ogin-with-valid-credentials-chromium\error-context.md]]
]]>
</system-out>
</testcase>
<testcase name="Authentication › should display logout option when logged in" classname="auth.spec.ts" time="26.191">
</testcase>
<testcase name="Authentication › should handle OAuth login (Google)" classname="auth.spec.ts" time="25.687">
</testcase>
<testcase name="Authentication › should handle OAuth login (Microsoft)" classname="auth.spec.ts" time="25.436">
</testcase>
<testcase name="Authentication › should handle OAuth login (Apple)" classname="auth.spec.ts" time="25.707">
</testcase>
<testcase name="Authentication › should display password reset link" classname="auth.spec.ts" time="29.438">
<failure message="auth.spec.ts:95:3 should display password reset link" type="FAILURE">
<![CDATA[  [chromium] › auth.spec.ts:95:3 › Authentication › should display password reset link ─────────────

    Error: expect(locator).toBeVisible() failed

    Locator: locator('a:has-text("Forgot password")')
    Expected: visible
    Timeout: 5000ms
    Error: element(s) not found

    Call log:
      - Expect "toBeVisible" with timeout 5000ms
      - waiting for locator('a:has-text("Forgot password")')


       97 |     
       98 |     const resetLink = page.locator('a:has-text("Forgot password")');
    >  99 |     await expect(resetLink).toBeVisible();
          |                             ^
      100 |     
      101 |     await resetLink.click();
      102 |     await expect(page).toHaveURL(/.*password.*reset|forgot/);
        at C:\Users\USER\Downloads\amerilend\tests\e2e\auth.spec.ts:99:29

    attachment #1: screenshot (image/png) ──────────────────────────────────────────────────────────
    ..\..\test-results\auth-Authentication-should-display-password-reset-link-chromium\test-failed-1.png
    ────────────────────────────────────────────────────────────────────────────────────────────────

    attachment #2: video (video/webm) ──────────────────────────────────────────────────────────────
    ..\..\test-results\auth-Authentication-should-display-password-reset-link-chromium\video.webm
    ────────────────────────────────────────────────────────────────────────────────────────────────

    Error Context: ..\..\test-results\auth-Authentication-should-display-password-reset-link-chromium\error-context.md
]]>
</failure>
<system-out>
<![CDATA[
[[ATTACHMENT|auth-Authentication-should-display-password-reset-link-chromium\test-failed-1.png]]

[[ATTACHMENT|auth-Authentication-should-display-password-reset-link-chromium\video.webm]]

[[ATTACHMENT|auth-Authentication-should-display-password-reset-link-chromium\error-context.md]]
]]>
</system-out>
</testcase>
<testcase name="Authentication › should handle password reset flow" classname="auth.spec.ts" time="31.131">
<failure message="auth.spec.ts:105:3 should handle password reset flow" type="FAILURE">
<![CDATA[  [chromium] › auth.spec.ts:105:3 › Authentication › should handle password reset flow ─────────────

    Test timeout of 30000ms exceeded.

    Error: page.fill: Test timeout of 30000ms exceeded.
    Call log:
      - waiting for locator('input[type="email"]')


      107 |     
      108 |     // Enter email
    > 109 |     await page.fill('input[type="email"]', 'test-borrower@testsprite.local');
          |                ^
      110 |     await page.click('button:has-text("Send Reset Link")');
      111 |     
      112 |     // Should show confirmation message
        at C:\Users\USER\Downloads\amerilend\tests\e2e\auth.spec.ts:109:16

    attachment #1: screenshot (image/png) ──────────────────────────────────────────────────────────
    ..\..\test-results\auth-Authentication-should-handle-password-reset-flow-chromium\test-failed-1.png
    ────────────────────────────────────────────────────────────────────────────────────────────────

    attachment #2: video (video/webm) ──────────────────────────────────────────────────────────────
    ..\..\test-results\auth-Authentication-should-handle-password-reset-flow-chromium\video.webm
    ────────────────────────────────────────────────────────────────────────────────────────────────

    Error Context: ..\..\test-results\auth-Authentication-should-handle-password-reset-flow-chromium\error-context.md
]]>
</failure>
<system-out>
<![CDATA[
[[ATTACHMENT|auth-Authentication-should-handle-password-reset-flow-chromium\test-failed-1.png]]

[[ATTACHMENT|auth-Authentication-should-handle-password-reset-flow-chromium\video.webm]]

[[ATTACHMENT|auth-Authentication-should-handle-password-reset-flow-chromium\error-context.md]]
]]>
</system-out>
</testcase>
</testsuite>
<testsuite name="auth.spec.ts" timestamp="2025-11-10T15:06:18.569Z" hostname="firefox" tests="9" failures="5" skipped="0" time="251.251" errors="0">
<testcase name="Authentication › should render login page" classname="auth.spec.ts" time="30.243">
<failure message="auth.spec.ts:13:3 should render login page" type="FAILURE">
<![CDATA[  [firefox] › auth.spec.ts:13:3 › Authentication › should render login page ────────────────────────

    Test timeout of 30000ms exceeded.

    Error: expect(locator).toBeVisible() failed

    Locator: locator('input[type="email"]')
    Expected: visible
    Error: element(s) not found

    Call log:
      - Expect "toBeVisible" with timeout 5000ms
      - waiting for locator('input[type="email"]')


      15 |     
      16 |     // Check for login form elements
    > 17 |     await expect(page.locator('input[type="email"]')).toBeVisible();
         |                                                       ^
      18 |     await expect(page.locator('input[type="password"]')).toBeVisible();
      19 |     await expect(page.locator('button:has-text("Log In")')).toBeVisible();
      20 |   });
        at C:\Users\USER\Downloads\amerilend\tests\e2e\auth.spec.ts:17:55

    attachment #1: screenshot (image/png) ──────────────────────────────────────────────────────────
    ..\..\test-results\auth-Authentication-should-render-login-page-firefox\test-failed-1.png
    ────────────────────────────────────────────────────────────────────────────────────────────────

    attachment #2: video (video/webm) ──────────────────────────────────────────────────────────────
    ..\..\test-results\auth-Authentication-should-render-login-page-firefox\video.webm
    ────────────────────────────────────────────────────────────────────────────────────────────────

    Error Context: ..\..\test-results\auth-Authentication-should-render-login-page-firefox\error-context.md
]]>
</failure>
<system-out>
<![CDATA[
[[ATTACHMENT|auth-Authentication-should-render-login-page-firefox\test-failed-1.png]]

[[ATTACHMENT|auth-Authentication-should-render-login-page-firefox\video.webm]]

[[ATTACHMENT|auth-Authentication-should-render-login-page-firefox\error-context.md]]
]]>
</system-out>
</testcase>
<testcase name="Authentication › should display error on invalid credentials" classname="auth.spec.ts" time="30.275">
<failure message="auth.spec.ts:22:3 should display error on invalid credentials" type="FAILURE">
<![CDATA[  [firefox] › auth.spec.ts:22:3 › Authentication › should display error on invalid credentials ─────

    Test timeout of 30000ms exceeded.

    Error: page.fill: Test timeout of 30000ms exceeded.
    Call log:
      - waiting for locator('input[type="email"]')


      23 |     await page.goto(`${BASE_URL}/login`);
      24 |     
    > 25 |     await page.fill('input[type="email"]', 'invalid@test.local');
         |                ^
      26 |     await page.fill('input[type="password"]', 'wrongpassword');
      27 |     await page.click('button:has-text("Log In")');
      28 |     
        at C:\Users\USER\Downloads\amerilend\tests\e2e\auth.spec.ts:25:16

    attachment #1: screenshot (image/png) ──────────────────────────────────────────────────────────
    ..\..\test-results\auth-Authentication-should-9d150-rror-on-invalid-credentials-firefox\test-failed-1.png
    ────────────────────────────────────────────────────────────────────────────────────────────────

    attachment #2: video (video/webm) ──────────────────────────────────────────────────────────────
    ..\..\test-results\auth-Authentication-should-9d150-rror-on-invalid-credentials-firefox\video.webm
    ────────────────────────────────────────────────────────────────────────────────────────────────

    Error Context: ..\..\test-results\auth-Authentication-should-9d150-rror-on-invalid-credentials-firefox\error-context.md
]]>
</failure>
<system-out>
<![CDATA[
[[ATTACHMENT|auth-Authentication-should-9d150-rror-on-invalid-credentials-firefox\test-failed-1.png]]

[[ATTACHMENT|auth-Authentication-should-9d150-rror-on-invalid-credentials-firefox\video.webm]]

[[ATTACHMENT|auth-Authentication-should-9d150-rror-on-invalid-credentials-firefox\error-context.md]]
]]>
</system-out>
</testcase>
<testcase name="Authentication › should successfully login with valid credentials" classname="auth.spec.ts" time="30.275">
<failure message="auth.spec.ts:33:3 should successfully login with valid credentials" type="FAILURE">
<![CDATA[  [firefox] › auth.spec.ts:33:3 › Authentication › should successfully login with valid credentials 

    Test timeout of 30000ms exceeded.

    Error: page.fill: Test timeout of 30000ms exceeded.
    Call log:
      - waiting for locator('input[type="email"]')


      37 |     await page.goto(`${BASE_URL}/login`);
      38 |     
    > 39 |     await page.fill('input[type="email"]', testEmail);
         |                ^
      40 |     await page.fill('input[type="password"]', testPassword);
      41 |     await page.click('button:has-text("Log In")');
      42 |     
        at C:\Users\USER\Downloads\amerilend\tests\e2e\auth.spec.ts:39:16

    attachment #1: screenshot (image/png) ──────────────────────────────────────────────────────────
    ..\..\test-results\auth-Authentication-should-24a66-ogin-with-valid-credentials-firefox\test-failed-1.png
    ────────────────────────────────────────────────────────────────────────────────────────────────

    attachment #2: video (video/webm) ──────────────────────────────────────────────────────────────
    ..\..\test-results\auth-Authentication-should-24a66-ogin-with-valid-credentials-firefox\video.webm
    ────────────────────────────────────────────────────────────────────────────────────────────────

    Error Context: ..\..\test-results\auth-Authentication-should-24a66-ogin-with-valid-credentials-firefox\error-context.md
]]>
</failure>
<system-out>
<![CDATA[
[[ATTACHMENT|auth-Authentication-should-24a66-ogin-with-valid-credentials-firefox\test-failed-1.png]]

[[ATTACHMENT|auth-Authentication-should-24a66-ogin-with-valid-credentials-firefox\video.webm]]

[[ATTACHMENT|auth-Authentication-should-24a66-ogin-with-valid-credentials-firefox\error-context.md]]
]]>
</system-out>
</testcase>
<testcase name="Authentication › should display logout option when logged in" classname="auth.spec.ts" time="26.905">
</testcase>
<testcase name="Authentication › should handle OAuth login (Google)" classname="auth.spec.ts" time="25.766">
</testcase>
<testcase name="Authentication › should handle OAuth login (Microsoft)" classname="auth.spec.ts" time="24.084">
</testcase>
<testcase name="Authentication › should handle OAuth login (Apple)" classname="auth.spec.ts" time="24.21">
</testcase>
<testcase name="Authentication › should display password reset link" classname="auth.spec.ts" time="29.24">
<failure message="auth.spec.ts:95:3 should display password reset link" type="FAILURE">
<![CDATA[  [firefox] › auth.spec.ts:95:3 › Authentication › should display password reset link ──────────────

    Error: expect(locator).toBeVisible() failed

    Locator: locator('a:has-text("Forgot password")')
    Expected: visible
    Timeout: 5000ms
    Error: element(s) not found

    Call log:
      - Expect "toBeVisible" with timeout 5000ms
      - waiting for locator('a:has-text("Forgot password")')


       97 |     
       98 |     const resetLink = page.locator('a:has-text("Forgot password")');
    >  99 |     await expect(resetLink).toBeVisible();
          |                             ^
      100 |     
      101 |     await resetLink.click();
      102 |     await expect(page).toHaveURL(/.*password.*reset|forgot/);
        at C:\Users\USER\Downloads\amerilend\tests\e2e\auth.spec.ts:99:29

    attachment #1: screenshot (image/png) ──────────────────────────────────────────────────────────
    ..\..\test-results\auth-Authentication-should-display-password-reset-link-firefox\test-failed-1.png
    ────────────────────────────────────────────────────────────────────────────────────────────────

    attachment #2: video (video/webm) ──────────────────────────────────────────────────────────────
    ..\..\test-results\auth-Authentication-should-display-password-reset-link-firefox\video.webm
    ────────────────────────────────────────────────────────────────────────────────────────────────

    Error Context: ..\..\test-results\auth-Authentication-should-display-password-reset-link-firefox\error-context.md
]]>
</failure>
<system-out>
<![CDATA[
[[ATTACHMENT|auth-Authentication-should-display-password-reset-link-firefox\test-failed-1.png]]

[[ATTACHMENT|auth-Authentication-should-display-password-reset-link-firefox\video.webm]]

[[ATTACHMENT|auth-Authentication-should-display-password-reset-link-firefox\error-context.md]]
]]>
</system-out>
</testcase>
<testcase name="Authentication › should handle password reset flow" classname="auth.spec.ts" time="30.253">
<failure message="auth.spec.ts:105:3 should handle password reset flow" type="FAILURE">
<![CDATA[  [firefox] › auth.spec.ts:105:3 › Authentication › should handle password reset flow ──────────────

    Test timeout of 30000ms exceeded.

    Error: page.fill: Test timeout of 30000ms exceeded.
    Call log:
      - waiting for locator('input[type="email"]')


      107 |     
      108 |     // Enter email
    > 109 |     await page.fill('input[type="email"]', 'test-borrower@testsprite.local');
          |                ^
      110 |     await page.click('button:has-text("Send Reset Link")');
      111 |     
      112 |     // Should show confirmation message
        at C:\Users\USER\Downloads\amerilend\tests\e2e\auth.spec.ts:109:16

    attachment #1: screenshot (image/png) ──────────────────────────────────────────────────────────
    ..\..\test-results\auth-Authentication-should-handle-password-reset-flow-firefox\test-failed-1.png
    ────────────────────────────────────────────────────────────────────────────────────────────────

    attachment #2: video (video/webm) ──────────────────────────────────────────────────────────────
    ..\..\test-results\auth-Authentication-should-handle-password-reset-flow-firefox\video.webm
    ────────────────────────────────────────────────────────────────────────────────────────────────

    Error Context: ..\..\test-results\auth-Authentication-should-handle-password-reset-flow-firefox\error-context.md
]]>
</failure>
<system-out>
<![CDATA[
[[ATTACHMENT|auth-Authentication-should-handle-password-reset-flow-firefox\test-failed-1.png]]

[[ATTACHMENT|auth-Authentication-should-handle-password-reset-flow-firefox\video.webm]]

[[ATTACHMENT|auth-Authentication-should-handle-password-reset-flow-firefox\error-context.md]]
]]>
</system-out>
</testcase>
</testsuite>
<testsuite name="auth.spec.ts" timestamp="2025-11-10T15:06:18.569Z" hostname="webkit" tests="9" failures="5" skipped="0" time="219.821" errors="0">
<testcase name="Authentication › should render login page" classname="auth.spec.ts" time="23.9">
<failure message="auth.spec.ts:13:3 should render login page" type="FAILURE">
<![CDATA[  [webkit] › auth.spec.ts:13:3 › Authentication › should render login page ─────────────────────────

    Error: expect(locator).toBeVisible() failed

    Locator: locator('input[type="email"]')
    Expected: visible
    Timeout: 5000ms
    Error: element(s) not found

    Call log:
      - Expect "toBeVisible" with timeout 5000ms
      - waiting for locator('input[type="email"]')


      15 |     
      16 |     // Check for login form elements
    > 17 |     await expect(page.locator('input[type="email"]')).toBeVisible();
         |                                                       ^
      18 |     await expect(page.locator('input[type="password"]')).toBeVisible();
      19 |     await expect(page.locator('button:has-text("Log In")')).toBeVisible();
      20 |   });
        at C:\Users\USER\Downloads\amerilend\tests\e2e\auth.spec.ts:17:55

    attachment #1: screenshot (image/png) ──────────────────────────────────────────────────────────
    ..\..\test-results\auth-Authentication-should-render-login-page-webkit\test-failed-1.png
    ────────────────────────────────────────────────────────────────────────────────────────────────

    attachment #2: video (video/webm) ──────────────────────────────────────────────────────────────
    ..\..\test-results\auth-Authentication-should-render-login-page-webkit\video.webm
    ────────────────────────────────────────────────────────────────────────────────────────────────

    Error Context: ..\..\test-results\auth-Authentication-should-render-login-page-webkit\error-context.md
]]>
</failure>
<system-out>
<![CDATA[
[[ATTACHMENT|auth-Authentication-should-render-login-page-webkit\test-failed-1.png]]

[[ATTACHMENT|auth-Authentication-should-render-login-page-webkit\video.webm]]

[[ATTACHMENT|auth-Authentication-should-render-login-page-webkit\error-context.md]]
]]>
</system-out>
</testcase>
<testcase name="Authentication › should display error on invalid credentials" classname="auth.spec.ts" time="30.699">
<failure message="auth.spec.ts:22:3 should display error on invalid credentials" type="FAILURE">
<![CDATA[  [webkit] › auth.spec.ts:22:3 › Authentication › should display error on invalid credentials ──────

    Test timeout of 30000ms exceeded.

    Error: page.fill: Test timeout of 30000ms exceeded.
    Call log:
      - waiting for locator('input[type="email"]')


      23 |     await page.goto(`${BASE_URL}/login`);
      24 |     
    > 25 |     await page.fill('input[type="email"]', 'invalid@test.local');
         |                ^
      26 |     await page.fill('input[type="password"]', 'wrongpassword');
      27 |     await page.click('button:has-text("Log In")');
      28 |     
        at C:\Users\USER\Downloads\amerilend\tests\e2e\auth.spec.ts:25:16

    attachment #1: screenshot (image/png) ──────────────────────────────────────────────────────────
    ..\..\test-results\auth-Authentication-should-9d150-rror-on-invalid-credentials-webkit\test-failed-1.png
    ────────────────────────────────────────────────────────────────────────────────────────────────

    attachment #2: video (video/webm) ──────────────────────────────────────────────────────────────
    ..\..\test-results\auth-Authentication-should-9d150-rror-on-invalid-credentials-webkit\video.webm
    ────────────────────────────────────────────────────────────────────────────────────────────────

    Error Context: ..\..\test-results\auth-Authentication-should-9d150-rror-on-invalid-credentials-webkit\error-context.md
]]>
</failure>
<system-out>
<![CDATA[
[[ATTACHMENT|auth-Authentication-should-9d150-rror-on-invalid-credentials-webkit\test-failed-1.png]]

[[ATTACHMENT|auth-Authentication-should-9d150-rror-on-invalid-credentials-webkit\video.webm]]

[[ATTACHMENT|auth-Authentication-should-9d150-rror-on-invalid-credentials-webkit\error-context.md]]
]]>
</system-out>
</testcase>
<testcase name="Authentication › should successfully login with valid credentials" classname="auth.spec.ts" time="30.776">
<failure message="auth.spec.ts:33:3 should successfully login with valid credentials" type="FAILURE">
<![CDATA[  [webkit] › auth.spec.ts:33:3 › Authentication › should successfully login with valid credentials ─

    Test timeout of 30000ms exceeded.

    Error: page.fill: Test timeout of 30000ms exceeded.
    Call log:
      - waiting for locator('input[type="email"]')


      37 |     await page.goto(`${BASE_URL}/login`);
      38 |     
    > 39 |     await page.fill('input[type="email"]', testEmail);
         |                ^
      40 |     await page.fill('input[type="password"]', testPassword);
      41 |     await page.click('button:has-text("Log In")');
      42 |     
        at C:\Users\USER\Downloads\amerilend\tests\e2e\auth.spec.ts:39:16

    attachment #1: screenshot (image/png) ──────────────────────────────────────────────────────────
    ..\..\test-results\auth-Authentication-should-24a66-ogin-with-valid-credentials-webkit\test-failed-1.png
    ────────────────────────────────────────────────────────────────────────────────────────────────

    attachment #2: video (video/webm) ──────────────────────────────────────────────────────────────
    ..\..\test-results\auth-Authentication-should-24a66-ogin-with-valid-credentials-webkit\video.webm
    ────────────────────────────────────────────────────────────────────────────────────────────────

    Error Context: ..\..\test-results\auth-Authentication-should-24a66-ogin-with-valid-credentials-webkit\error-context.md
]]>
</failure>
<system-out>
<![CDATA[
[[ATTACHMENT|auth-Authentication-should-24a66-ogin-with-valid-credentials-webkit\test-failed-1.png]]

[[ATTACHMENT|auth-Authentication-should-24a66-ogin-with-valid-credentials-webkit\video.webm]]

[[ATTACHMENT|auth-Authentication-should-24a66-ogin-with-valid-credentials-webkit\error-context.md]]
]]>
</system-out>
</testcase>
<testcase name="Authentication › should display logout option when logged in" classname="auth.spec.ts" time="21.705">
</testcase>
<testcase name="Authentication › should handle OAuth login (Google)" classname="auth.spec.ts" time="18.158">
</testcase>
<testcase name="Authentication › should handle OAuth login (Microsoft)" classname="auth.spec.ts" time="21.73">
</testcase>
<testcase name="Authentication › should handle OAuth login (Apple)" classname="auth.spec.ts" time="18.553">
</testcase>
<testcase name="Authentication › should display password reset link" classname="auth.spec.ts" time="23.671">
<failure message="auth.spec.ts:95:3 should display password reset link" type="FAILURE">
<![CDATA[  [webkit] › auth.spec.ts:95:3 › Authentication › should display password reset link ───────────────

    Error: expect(locator).toBeVisible() failed

    Locator: locator('a:has-text("Forgot password")')
    Expected: visible
    Timeout: 5000ms
    Error: element(s) not found

    Call log:
      - Expect "toBeVisible" with timeout 5000ms
      - waiting for locator('a:has-text("Forgot password")')


       97 |     
       98 |     const resetLink = page.locator('a:has-text("Forgot password")');
    >  99 |     await expect(resetLink).toBeVisible();
          |                             ^
      100 |     
      101 |     await resetLink.click();
      102 |     await expect(page).toHaveURL(/.*password.*reset|forgot/);
        at C:\Users\USER\Downloads\amerilend\tests\e2e\auth.spec.ts:99:29

    attachment #1: screenshot (image/png) ──────────────────────────────────────────────────────────
    ..\..\test-results\auth-Authentication-should-display-password-reset-link-webkit\test-failed-1.png
    ────────────────────────────────────────────────────────────────────────────────────────────────

    attachment #2: video (video/webm) ──────────────────────────────────────────────────────────────
    ..\..\test-results\auth-Authentication-should-display-password-reset-link-webkit\video.webm
    ────────────────────────────────────────────────────────────────────────────────────────────────

    Error Context: ..\..\test-results\auth-Authentication-should-display-password-reset-link-webkit\error-context.md
]]>
</failure>
<system-out>
<![CDATA[
[[ATTACHMENT|auth-Authentication-should-display-password-reset-link-webkit\test-failed-1.png]]

[[ATTACHMENT|auth-Authentication-should-display-password-reset-link-webkit\video.webm]]

[[ATTACHMENT|auth-Authentication-should-display-password-reset-link-webkit\error-context.md]]
]]>
</system-out>
</testcase>
<testcase name="Authentication › should handle password reset flow" classname="auth.spec.ts" time="30.629">
<failure message="auth.spec.ts:105:3 should handle password reset flow" type="FAILURE">
<![CDATA[  [webkit] › auth.spec.ts:105:3 › Authentication › should handle password reset flow ───────────────

    Test timeout of 30000ms exceeded.

    Error: page.fill: Test timeout of 30000ms exceeded.
    Call log:
      - waiting for locator('input[type="email"]')


      107 |     
      108 |     // Enter email
    > 109 |     await page.fill('input[type="email"]', 'test-borrower@testsprite.local');
          |                ^
      110 |     await page.click('button:has-text("Send Reset Link")');
      111 |     
      112 |     // Should show confirmation message
        at C:\Users\USER\Downloads\amerilend\tests\e2e\auth.spec.ts:109:16

    attachment #1: screenshot (image/png) ──────────────────────────────────────────────────────────
    ..\..\test-results\auth-Authentication-should-handle-password-reset-flow-webkit\test-failed-1.png
    ────────────────────────────────────────────────────────────────────────────────────────────────

    attachment #2: video (video/webm) ──────────────────────────────────────────────────────────────
    ..\..\test-results\auth-Authentication-should-handle-password-reset-flow-webkit\video.webm
    ────────────────────────────────────────────────────────────────────────────────────────────────

    Error Context: ..\..\test-results\auth-Authentication-should-handle-password-reset-flow-webkit\error-context.md
]]>
</failure>
<system-out>
<![CDATA[
[[ATTACHMENT|auth-Authentication-should-handle-password-reset-flow-webkit\test-failed-1.png]]

[[ATTACHMENT|auth-Authentication-should-handle-password-reset-flow-webkit\video.webm]]

[[ATTACHMENT|auth-Authentication-should-handle-password-reset-flow-webkit\error-context.md]]
]]>
</system-out>
</testcase>
</testsuite>
<testsuite name="auth.spec.ts" timestamp="2025-11-10T15:06:18.569Z" hostname="Mobile Chrome" tests="9" failures="5" skipped="0" time="211.862" errors="0">
<testcase name="Authentication › should render login page" classname="auth.spec.ts" time="29.412">
<failure message="auth.spec.ts:13:3 should render login page" type="FAILURE">
<![CDATA[  [Mobile Chrome] › auth.spec.ts:13:3 › Authentication › should render login page ──────────────────

    Error: expect(locator).toBeVisible() failed

    Locator: locator('input[type="email"]')
    Expected: visible
    Timeout: 5000ms
    Error: element(s) not found

    Call log:
      - Expect "toBeVisible" with timeout 5000ms
      - waiting for locator('input[type="email"]')


      15 |     
      16 |     // Check for login form elements
    > 17 |     await expect(page.locator('input[type="email"]')).toBeVisible();
         |                                                       ^
      18 |     await expect(page.locator('input[type="password"]')).toBeVisible();
      19 |     await expect(page.locator('button:has-text("Log In")')).toBeVisible();
      20 |   });
        at C:\Users\USER\Downloads\amerilend\tests\e2e\auth.spec.ts:17:55

    attachment #1: screenshot (image/png) ──────────────────────────────────────────────────────────
    ..\..\test-results\auth-Authentication-should-render-login-page-Mobile-Chrome\test-failed-1.png
    ────────────────────────────────────────────────────────────────────────────────────────────────

    attachment #2: video (video/webm) ──────────────────────────────────────────────────────────────
    ..\..\test-results\auth-Authentication-should-render-login-page-Mobile-Chrome\video.webm
    ────────────────────────────────────────────────────────────────────────────────────────────────

    Error Context: ..\..\test-results\auth-Authentication-should-render-login-page-Mobile-Chrome\error-context.md
]]>
</failure>
<system-out>
<![CDATA[
[[ATTACHMENT|auth-Authentication-should-render-login-page-Mobile-Chrome\test-failed-1.png]]

[[ATTACHMENT|auth-Authentication-should-render-login-page-Mobile-Chrome\video.webm]]

[[ATTACHMENT|auth-Authentication-should-render-login-page-Mobile-Chrome\error-context.md]]
]]>
</system-out>
</testcase>
<testcase name="Authentication › should display error on invalid credentials" classname="auth.spec.ts" time="31.016">
<failure message="auth.spec.ts:22:3 should display error on invalid credentials" type="FAILURE">
<![CDATA[  [Mobile Chrome] › auth.spec.ts:22:3 › Authentication › should display error on invalid credentials 

    Test timeout of 30000ms exceeded.

    Error: page.fill: Test timeout of 30000ms exceeded.
    Call log:
      - waiting for locator('input[type="email"]')


      23 |     await page.goto(`${BASE_URL}/login`);
      24 |     
    > 25 |     await page.fill('input[type="email"]', 'invalid@test.local');
         |                ^
      26 |     await page.fill('input[type="password"]', 'wrongpassword');
      27 |     await page.click('button:has-text("Log In")');
      28 |     
        at C:\Users\USER\Downloads\amerilend\tests\e2e\auth.spec.ts:25:16

    attachment #1: screenshot (image/png) ──────────────────────────────────────────────────────────
    ..\..\test-results\auth-Authentication-should-9d150-rror-on-invalid-credentials-Mobile-Chrome\test-failed-1.png
    ────────────────────────────────────────────────────────────────────────────────────────────────

    attachment #2: video (video/webm) ──────────────────────────────────────────────────────────────
    ..\..\test-results\auth-Authentication-should-9d150-rror-on-invalid-credentials-Mobile-Chrome\video.webm
    ────────────────────────────────────────────────────────────────────────────────────────────────

    Error Context: ..\..\test-results\auth-Authentication-should-9d150-rror-on-invalid-credentials-Mobile-Chrome\error-context.md
]]>
</failure>
<system-out>
<![CDATA[
[[ATTACHMENT|auth-Authentication-should-9d150-rror-on-invalid-credentials-Mobile-Chrome\test-failed-1.png]]

[[ATTACHMENT|auth-Authentication-should-9d150-rror-on-invalid-credentials-Mobile-Chrome\video.webm]]

[[ATTACHMENT|auth-Authentication-should-9d150-rror-on-invalid-credentials-Mobile-Chrome\error-context.md]]
]]>
</system-out>
</testcase>
<testcase name="Authentication › should successfully login with valid credentials" classname="auth.spec.ts" time="31.166">
<failure message="auth.spec.ts:33:3 should successfully login with valid credentials" type="FAILURE">
<![CDATA[  [Mobile Chrome] › auth.spec.ts:33:3 › Authentication › should successfully login with valid credentials 

    Test timeout of 30000ms exceeded.

    Error: page.fill: Test timeout of 30000ms exceeded.
    Call log:
      - waiting for locator('input[type="email"]')


      37 |     await page.goto(`${BASE_URL}/login`);
      38 |     
    > 39 |     await page.fill('input[type="email"]', testEmail);
         |                ^
      40 |     await page.fill('input[type="password"]', testPassword);
      41 |     await page.click('button:has-text("Log In")');
      42 |     
        at C:\Users\USER\Downloads\amerilend\tests\e2e\auth.spec.ts:39:16

    attachment #1: screenshot (image/png) ──────────────────────────────────────────────────────────
    ..\..\test-results\auth-Authentication-should-24a66-ogin-with-valid-credentials-Mobile-Chrome\test-failed-1.png
    ────────────────────────────────────────────────────────────────────────────────────────────────

    attachment #2: video (video/webm) ──────────────────────────────────────────────────────────────
    ..\..\test-results\auth-Authentication-should-24a66-ogin-with-valid-credentials-Mobile-Chrome\video.webm
    ────────────────────────────────────────────────────────────────────────────────────────────────

    Error Context: ..\..\test-results\auth-Authentication-should-24a66-ogin-with-valid-credentials-Mobile-Chrome\error-context.md
]]>
</failure>
<system-out>
<![CDATA[
[[ATTACHMENT|auth-Authentication-should-24a66-ogin-with-valid-credentials-Mobile-Chrome\test-failed-1.png]]

[[ATTACHMENT|auth-Authentication-should-24a66-ogin-with-valid-credentials-Mobile-Chrome\video.webm]]

[[ATTACHMENT|auth-Authentication-should-24a66-ogin-with-valid-credentials-Mobile-Chrome\error-context.md]]
]]>
</system-out>
</testcase>
<testcase name="Authentication › should display logout option when logged in" classname="auth.spec.ts" time="25.149">
</testcase>
<testcase name="Authentication › should handle OAuth login (Google)" classname="auth.spec.ts" time="25.309">
</testcase>
<testcase name="Authentication › should handle OAuth login (Microsoft)" classname="auth.spec.ts" time="25.812">
</testcase>
<testcase name="Authentication › should handle OAuth login (Apple)" classname="auth.spec.ts" time="3.197">
</testcase>
<testcase name="Authentication › should display password reset link" classname="auth.spec.ts" time="7.837">
<failure message="auth.spec.ts:95:3 should display password reset link" type="FAILURE">
<![CDATA[  [Mobile Chrome] › auth.spec.ts:95:3 › Authentication › should display password reset link ────────

    Error: expect(locator).toBeVisible() failed

    Locator: locator('a:has-text("Forgot password")')
    Expected: visible
    Timeout: 5000ms
    Error: element(s) not found

    Call log:
      - Expect "toBeVisible" with timeout 5000ms
      - waiting for locator('a:has-text("Forgot password")')


       97 |     
       98 |     const resetLink = page.locator('a:has-text("Forgot password")');
    >  99 |     await expect(resetLink).toBeVisible();
          |                             ^
      100 |     
      101 |     await resetLink.click();
      102 |     await expect(page).toHaveURL(/.*password.*reset|forgot/);
        at C:\Users\USER\Downloads\amerilend\tests\e2e\auth.spec.ts:99:29

    attachment #1: screenshot (image/png) ──────────────────────────────────────────────────────────
    ..\..\test-results\auth-Authentication-should-display-password-reset-link-Mobile-Chrome\test-failed-1.png
    ────────────────────────────────────────────────────────────────────────────────────────────────

    attachment #2: video (video/webm) ──────────────────────────────────────────────────────────────
    ..\..\test-results\auth-Authentication-should-display-password-reset-link-Mobile-Chrome\video.webm
    ────────────────────────────────────────────────────────────────────────────────────────────────

    Error Context: ..\..\test-results\auth-Authentication-should-display-password-reset-link-Mobile-Chrome\error-context.md
]]>
</failure>
<system-out>
<![CDATA[
[[ATTACHMENT|auth-Authentication-should-display-password-reset-link-Mobile-Chrome\test-failed-1.png]]

[[ATTACHMENT|auth-Authentication-should-display-password-reset-link-Mobile-Chrome\video.webm]]

[[ATTACHMENT|auth-Authentication-should-display-password-reset-link-Mobile-Chrome\error-context.md]]
]]>
</system-out>
</testcase>
<testcase name="Authentication › should handle password reset flow" classname="auth.spec.ts" time="32.964">
<failure message="auth.spec.ts:105:3 should handle password reset flow" type="FAILURE">
<![CDATA[  [Mobile Chrome] › auth.spec.ts:105:3 › Authentication › should handle password reset flow ────────

    Test timeout of 30000ms exceeded.

    Error: page.fill: Test timeout of 30000ms exceeded.
    Call log:
      - waiting for locator('input[type="email"]')


      107 |     
      108 |     // Enter email
    > 109 |     await page.fill('input[type="email"]', 'test-borrower@testsprite.local');
          |                ^
      110 |     await page.click('button:has-text("Send Reset Link")');
      111 |     
      112 |     // Should show confirmation message
        at C:\Users\USER\Downloads\amerilend\tests\e2e\auth.spec.ts:109:16

    attachment #1: screenshot (image/png) ──────────────────────────────────────────────────────────
    ..\..\test-results\auth-Authentication-should-handle-password-reset-flow-Mobile-Chrome\test-failed-1.png
    ────────────────────────────────────────────────────────────────────────────────────────────────

    attachment #2: video (video/webm) ──────────────────────────────────────────────────────────────
    ..\..\test-results\auth-Authentication-should-handle-password-reset-flow-Mobile-Chrome\video.webm
    ────────────────────────────────────────────────────────────────────────────────────────────────

    Error Context: ..\..\test-results\auth-Authentication-should-handle-password-reset-flow-Mobile-Chrome\error-context.md
]]>
</failure>
<system-out>
<![CDATA[
[[ATTACHMENT|auth-Authentication-should-handle-password-reset-flow-Mobile-Chrome\test-failed-1.png]]

[[ATTACHMENT|auth-Authentication-should-handle-password-reset-flow-Mobile-Chrome\video.webm]]

[[ATTACHMENT|auth-Authentication-should-handle-password-reset-flow-Mobile-Chrome\error-context.md]]
]]>
</system-out>
</testcase>
</testsuite>
<testsuite name="auth.spec.ts" timestamp="2025-11-10T15:06:18.569Z" hostname="Mobile Safari" tests="9" failures="5" skipped="0" time="119.118" errors="0">
<testcase name="Authentication › should render login page" classname="auth.spec.ts" time="8.388">
<failure message="auth.spec.ts:13:3 should render login page" type="FAILURE">
<![CDATA[  [Mobile Safari] › auth.spec.ts:13:3 › Authentication › should render login page ──────────────────

    Error: expect(locator).toBeVisible() failed

    Locator: locator('input[type="email"]')
    Expected: visible
    Timeout: 5000ms
    Error: element(s) not found

    Call log:
      - Expect "toBeVisible" with timeout 5000ms
      - waiting for locator('input[type="email"]')


      15 |     
      16 |     // Check for login form elements
    > 17 |     await expect(page.locator('input[type="email"]')).toBeVisible();
         |                                                       ^
      18 |     await expect(page.locator('input[type="password"]')).toBeVisible();
      19 |     await expect(page.locator('button:has-text("Log In")')).toBeVisible();
      20 |   });
        at C:\Users\USER\Downloads\amerilend\tests\e2e\auth.spec.ts:17:55

    attachment #1: screenshot (image/png) ──────────────────────────────────────────────────────────
    ..\..\test-results\auth-Authentication-should-render-login-page-Mobile-Safari\test-failed-1.png
    ────────────────────────────────────────────────────────────────────────────────────────────────

    attachment #2: video (video/webm) ──────────────────────────────────────────────────────────────
    ..\..\test-results\auth-Authentication-should-render-login-page-Mobile-Safari\video.webm
    ────────────────────────────────────────────────────────────────────────────────────────────────

    Error Context: ..\..\test-results\auth-Authentication-should-render-login-page-Mobile-Safari\error-context.md
]]>
</failure>
<system-out>
<![CDATA[
[[ATTACHMENT|auth-Authentication-should-render-login-page-Mobile-Safari\test-failed-1.png]]

[[ATTACHMENT|auth-Authentication-should-render-login-page-Mobile-Safari\video.webm]]

[[ATTACHMENT|auth-Authentication-should-render-login-page-Mobile-Safari\error-context.md]]
]]>
</system-out>
</testcase>
<testcase name="Authentication › should display error on invalid credentials" classname="auth.spec.ts" time="30.399">
<failure message="auth.spec.ts:22:3 should display error on invalid credentials" type="FAILURE">
<![CDATA[  [Mobile Safari] › auth.spec.ts:22:3 › Authentication › should display error on invalid credentials 

    Test timeout of 30000ms exceeded.

    Error: page.fill: Test timeout of 30000ms exceeded.
    Call log:
      - waiting for locator('input[type="email"]')


      23 |     await page.goto(`${BASE_URL}/login`);
      24 |     
    > 25 |     await page.fill('input[type="email"]', 'invalid@test.local');
         |                ^
      26 |     await page.fill('input[type="password"]', 'wrongpassword');
      27 |     await page.click('button:has-text("Log In")');
      28 |     
        at C:\Users\USER\Downloads\amerilend\tests\e2e\auth.spec.ts:25:16

    attachment #1: screenshot (image/png) ──────────────────────────────────────────────────────────
    ..\..\test-results\auth-Authentication-should-9d150-rror-on-invalid-credentials-Mobile-Safari\test-failed-1.png
    ────────────────────────────────────────────────────────────────────────────────────────────────

    attachment #2: video (video/webm) ──────────────────────────────────────────────────────────────
    ..\..\test-results\auth-Authentication-should-9d150-rror-on-invalid-credentials-Mobile-Safari\video.webm
    ────────────────────────────────────────────────────────────────────────────────────────────────

    Error Context: ..\..\test-results\auth-Authentication-should-9d150-rror-on-invalid-credentials-Mobile-Safari\error-context.md
]]>
</failure>
<system-out>
<![CDATA[
[[ATTACHMENT|auth-Authentication-should-9d150-rror-on-invalid-credentials-Mobile-Safari\test-failed-1.png]]

[[ATTACHMENT|auth-Authentication-should-9d150-rror-on-invalid-credentials-Mobile-Safari\video.webm]]

[[ATTACHMENT|auth-Authentication-should-9d150-rror-on-invalid-credentials-Mobile-Safari\error-context.md]]
]]>
</system-out>
</testcase>
<testcase name="Authentication › should successfully login with valid credentials" classname="auth.spec.ts" time="30.368">
<failure message="auth.spec.ts:33:3 should successfully login with valid credentials" type="FAILURE">
<![CDATA[  [Mobile Safari] › auth.spec.ts:33:3 › Authentication › should successfully login with valid credentials 

    Test timeout of 30000ms exceeded.

    Error: page.fill: Test timeout of 30000ms exceeded.
    Call log:
      - waiting for locator('input[type="email"]')


      37 |     await page.goto(`${BASE_URL}/login`);
      38 |     
    > 39 |     await page.fill('input[type="email"]', testEmail);
         |                ^
      40 |     await page.fill('input[type="password"]', testPassword);
      41 |     await page.click('button:has-text("Log In")');
      42 |     
        at C:\Users\USER\Downloads\amerilend\tests\e2e\auth.spec.ts:39:16

    attachment #1: screenshot (image/png) ──────────────────────────────────────────────────────────
    ..\..\test-results\auth-Authentication-should-24a66-ogin-with-valid-credentials-Mobile-Safari\test-failed-1.png
    ────────────────────────────────────────────────────────────────────────────────────────────────

    attachment #2: video (video/webm) ──────────────────────────────────────────────────────────────
    ..\..\test-results\auth-Authentication-should-24a66-ogin-with-valid-credentials-Mobile-Safari\video.webm
    ────────────────────────────────────────────────────────────────────────────────────────────────

    Error Context: ..\..\test-results\auth-Authentication-should-24a66-ogin-with-valid-credentials-Mobile-Safari\error-context.md
]]>
</failure>
<system-out>
<![CDATA[
[[ATTACHMENT|auth-Authentication-should-24a66-ogin-with-valid-credentials-Mobile-Safari\test-failed-1.png]]

[[ATTACHMENT|auth-Authentication-should-24a66-ogin-with-valid-credentials-Mobile-Safari\video.webm]]

[[ATTACHMENT|auth-Authentication-should-24a66-ogin-with-valid-credentials-Mobile-Safari\error-context.md]]
]]>
</system-out>
</testcase>
<testcase name="Authentication › should display logout option when logged in" classname="auth.spec.ts" time="3.16">
</testcase>
<testcase name="Authentication › should handle OAuth login (Google)" classname="auth.spec.ts" time="2.914">
</testcase>
<testcase name="Authentication › should handle OAuth login (Microsoft)" classname="auth.spec.ts" time="2.948">
</testcase>
<testcase name="Authentication › should handle OAuth login (Apple)" classname="auth.spec.ts" time="2.834">
</testcase>
<testcase name="Authentication › should display password reset link" classname="auth.spec.ts" time="7.772">
<failure message="auth.spec.ts:95:3 should display password reset link" type="FAILURE">
<![CDATA[  [Mobile Safari] › auth.spec.ts:95:3 › Authentication › should display password reset link ────────

    Error: expect(locator).toBeVisible() failed

    Locator: locator('a:has-text("Forgot password")')
    Expected: visible
    Timeout: 5000ms
    Error: element(s) not found

    Call log:
      - Expect "toBeVisible" with timeout 5000ms
      - waiting for locator('a:has-text("Forgot password")')


       97 |     
       98 |     const resetLink = page.locator('a:has-text("Forgot password")');
    >  99 |     await expect(resetLink).toBeVisible();
          |                             ^
      100 |     
      101 |     await resetLink.click();
      102 |     await expect(page).toHaveURL(/.*password.*reset|forgot/);
        at C:\Users\USER\Downloads\amerilend\tests\e2e\auth.spec.ts:99:29

    attachment #1: screenshot (image/png) ──────────────────────────────────────────────────────────
    ..\..\test-results\auth-Authentication-should-display-password-reset-link-Mobile-Safari\test-failed-1.png
    ────────────────────────────────────────────────────────────────────────────────────────────────

    attachment #2: video (video/webm) ──────────────────────────────────────────────────────────────
    ..\..\test-results\auth-Authentication-should-display-password-reset-link-Mobile-Safari\video.webm
    ────────────────────────────────────────────────────────────────────────────────────────────────

    Error Context: ..\..\test-results\auth-Authentication-should-display-password-reset-link-Mobile-Safari\error-context.md
]]>
</failure>
<system-out>
<![CDATA[
[[ATTACHMENT|auth-Authentication-should-display-password-reset-link-Mobile-Safari\test-failed-1.png]]

[[ATTACHMENT|auth-Authentication-should-display-password-reset-link-Mobile-Safari\video.webm]]

[[ATTACHMENT|auth-Authentication-should-display-password-reset-link-Mobile-Safari\error-context.md]]
]]>
</system-out>
</testcase>
<testcase name="Authentication › should handle password reset flow" classname="auth.spec.ts" time="30.335">
<failure message="auth.spec.ts:105:3 should handle password reset flow" type="FAILURE">
<![CDATA[  [Mobile Safari] › auth.spec.ts:105:3 › Authentication › should handle password reset flow ────────

    Test timeout of 30000ms exceeded.

    Error: page.fill: Test timeout of 30000ms exceeded.
    Call log:
      - waiting for locator('input[type="email"]')


      107 |     
      108 |     // Enter email
    > 109 |     await page.fill('input[type="email"]', 'test-borrower@testsprite.local');
          |                ^
      110 |     await page.click('button:has-text("Send Reset Link")');
      111 |     
      112 |     // Should show confirmation message
        at C:\Users\USER\Downloads\amerilend\tests\e2e\auth.spec.ts:109:16

    attachment #1: screenshot (image/png) ──────────────────────────────────────────────────────────
    ..\..\test-results\auth-Authentication-should-handle-password-reset-flow-Mobile-Safari\test-failed-1.png
    ────────────────────────────────────────────────────────────────────────────────────────────────

    attachment #2: video (video/webm) ──────────────────────────────────────────────────────────────
    ..\..\test-results\auth-Authentication-should-handle-password-reset-flow-Mobile-Safari\video.webm
    ────────────────────────────────────────────────────────────────────────────────────────────────

    Error Context: ..\..\test-results\auth-Authentication-should-handle-password-reset-flow-Mobile-Safari\error-context.md
]]>
</failure>
<system-out>
<![CDATA[
[[ATTACHMENT|auth-Authentication-should-handle-password-reset-flow-Mobile-Safari\test-failed-1.png]]

[[ATTACHMENT|auth-Authentication-should-handle-password-reset-flow-Mobile-Safari\video.webm]]

[[ATTACHMENT|auth-Authentication-should-handle-password-reset-flow-Mobile-Safari\error-context.md]]
]]>
</system-out>
</testcase>
</testsuite>
</testsuites>